------------------------------------------------------------
TimeQuest Timing Analyzer Summary
------------------------------------------------------------

Type  : Slow 1200mV 85C Model Setup 'AjusteSM:ajuste|fstate.state3'
Slack : -6.970
TNS   : -26.406

Type  : Slow 1200mV 85C Model Setup 'divisorGenerico:freq2|cnt[20]'
Slack : -3.968
TNS   : -86.410

Type  : Slow 1200mV 85C Model Setup 'divisorGenerico:freq|cnt[25]'
Slack : -3.700
TNS   : -95.665

Type  : Slow 1200mV 85C Model Setup 'CLOCK_50'
Slack : -2.428
TNS   : -38.768

Type  : Slow 1200mV 85C Model Hold 'divisorGenerico:freq|cnt[25]'
Slack : 0.068
TNS   : 0.000

Type  : Slow 1200mV 85C Model Hold 'divisorGenerico:freq2|cnt[20]'
Slack : 0.210
TNS   : 0.000

Type  : Slow 1200mV 85C Model Hold 'CLOCK_50'
Slack : 0.408
TNS   : 0.000

Type  : Slow 1200mV 85C Model Hold 'AjusteSM:ajuste|fstate.state3'
Slack : 0.458
TNS   : 0.000

Type  : Slow 1200mV 85C Model Minimum Pulse Width 'CLOCK_50'
Slack : -3.000
TNS   : -37.695

Type  : Slow 1200mV 85C Model Minimum Pulse Width 'divisorGenerico:freq|cnt[25]'
Slack : -1.285
TNS   : -51.400

Type  : Slow 1200mV 85C Model Minimum Pulse Width 'divisorGenerico:freq2|cnt[20]'
Slack : -1.285
TNS   : -41.120

Type  : Slow 1200mV 85C Model Minimum Pulse Width 'AjusteSM:ajuste|fstate.state3'
Slack : 0.460
TNS   : 0.000

Type  : Slow 1200mV 0C Model Setup 'AjusteSM:ajuste|fstate.state3'
Slack : -6.456
TNS   : -24.561

Type  : Slow 1200mV 0C Model Setup 'divisorGenerico:freq2|cnt[20]'
Slack : -3.625
TNS   : -79.085

Type  : Slow 1200mV 0C Model Setup 'divisorGenerico:freq|cnt[25]'
Slack : -3.336
TNS   : -85.471

Type  : Slow 1200mV 0C Model Setup 'CLOCK_50'
Slack : -2.045
TNS   : -32.059

Type  : Slow 1200mV 0C Model Hold 'divisorGenerico:freq|cnt[25]'
Slack : -0.049
TNS   : -0.093

Type  : Slow 1200mV 0C Model Hold 'divisorGenerico:freq2|cnt[20]'
Slack : 0.092
TNS   : 0.000

Type  : Slow 1200mV 0C Model Hold 'CLOCK_50'
Slack : 0.366
TNS   : 0.000

Type  : Slow 1200mV 0C Model Hold 'AjusteSM:ajuste|fstate.state3'
Slack : 0.460
TNS   : 0.000

Type  : Slow 1200mV 0C Model Minimum Pulse Width 'CLOCK_50'
Slack : -3.000
TNS   : -37.695

Type  : Slow 1200mV 0C Model Minimum Pulse Width 'divisorGenerico:freq|cnt[25]'
Slack : -1.285
TNS   : -51.400

Type  : Slow 1200mV 0C Model Minimum Pulse Width 'divisorGenerico:freq2|cnt[20]'
Slack : -1.285
TNS   : -41.120

Type  : Slow 1200mV 0C Model Minimum Pulse Width 'AjusteSM:ajuste|fstate.state3'
Slack : 0.421
TNS   : 0.000

Type  : Fast 1200mV 0C Model Setup 'AjusteSM:ajuste|fstate.state3'
Slack : -2.902
TNS   : -10.896

Type  : Fast 1200mV 0C Model Setup 'divisorGenerico:freq2|cnt[20]'
Slack : -1.590
TNS   : -27.923

Type  : Fast 1200mV 0C Model Setup 'divisorGenerico:freq|cnt[25]'
Slack : -1.483
TNS   : -30.511

Type  : Fast 1200mV 0C Model Setup 'CLOCK_50'
Slack : -0.856
TNS   : -6.576

Type  : Fast 1200mV 0C Model Hold 'AjusteSM:ajuste|fstate.state3'
Slack : -0.046
TNS   : -0.046

Type  : Fast 1200mV 0C Model Hold 'divisorGenerico:freq|cnt[25]'
Slack : 0.029
TNS   : 0.000

Type  : Fast 1200mV 0C Model Hold 'divisorGenerico:freq2|cnt[20]'
Slack : 0.112
TNS   : 0.000

Type  : Fast 1200mV 0C Model Hold 'CLOCK_50'
Slack : 0.190
TNS   : 0.000

Type  : Fast 1200mV 0C Model Minimum Pulse Width 'CLOCK_50'
Slack : -3.000
TNS   : -31.850

Type  : Fast 1200mV 0C Model Minimum Pulse Width 'divisorGenerico:freq|cnt[25]'
Slack : -1.000
TNS   : -40.000

Type  : Fast 1200mV 0C Model Minimum Pulse Width 'divisorGenerico:freq2|cnt[20]'
Slack : -1.000
TNS   : -32.000

Type  : Fast 1200mV 0C Model Minimum Pulse Width 'AjusteSM:ajuste|fstate.state3'
Slack : 0.432
TNS   : 0.000

------------------------------------------------------------
