------------------------------------------------------------
TimeQuest Timing Analyzer Summary
------------------------------------------------------------

Type  : Slow 1200mV 85C Model Setup 'SM1:relogio|fstate.state3'
Slack : -4.828
TNS   : -17.895

Type  : Slow 1200mV 85C Model Setup 'divisorGenerico:freq|cnt[25]'
Slack : -4.557
TNS   : -73.593

Type  : Slow 1200mV 85C Model Setup 'CLOCK_50'
Slack : -2.324
TNS   : -35.181

Type  : Slow 1200mV 85C Model Hold 'divisorGenerico:freq|cnt[25]'
Slack : 0.403
TNS   : 0.000

Type  : Slow 1200mV 85C Model Hold 'CLOCK_50'
Slack : 0.407
TNS   : 0.000

Type  : Slow 1200mV 85C Model Hold 'SM1:relogio|fstate.state3'
Slack : 1.115
TNS   : 0.000

Type  : Slow 1200mV 85C Model Recovery 'divisorGenerico:freq|cnt[25]'
Slack : -1.334
TNS   : -12.960

Type  : Slow 1200mV 85C Model Removal 'divisorGenerico:freq|cnt[25]'
Slack : 0.580
TNS   : 0.000

Type  : Slow 1200mV 85C Model Minimum Pulse Width 'CLOCK_50'
Slack : -3.000
TNS   : -36.410

Type  : Slow 1200mV 85C Model Minimum Pulse Width 'divisorGenerico:freq|cnt[25]'
Slack : -1.285
TNS   : -39.835

Type  : Slow 1200mV 85C Model Minimum Pulse Width 'SM1:relogio|fstate.state3'
Slack : 0.460
TNS   : 0.000

Type  : Slow 1200mV 0C Model Setup 'SM1:relogio|fstate.state3'
Slack : -4.478
TNS   : -16.551

Type  : Slow 1200mV 0C Model Setup 'divisorGenerico:freq|cnt[25]'
Slack : -3.946
TNS   : -63.786

Type  : Slow 1200mV 0C Model Setup 'CLOCK_50'
Slack : -1.952
TNS   : -28.863

Type  : Slow 1200mV 0C Model Hold 'divisorGenerico:freq|cnt[25]'
Slack : 0.354
TNS   : 0.000

Type  : Slow 1200mV 0C Model Hold 'CLOCK_50'
Slack : 0.365
TNS   : 0.000

Type  : Slow 1200mV 0C Model Hold 'SM1:relogio|fstate.state3'
Slack : 1.056
TNS   : 0.000

Type  : Slow 1200mV 0C Model Recovery 'divisorGenerico:freq|cnt[25]'
Slack : -1.118
TNS   : -10.826

Type  : Slow 1200mV 0C Model Removal 'divisorGenerico:freq|cnt[25]'
Slack : 0.564
TNS   : 0.000

Type  : Slow 1200mV 0C Model Minimum Pulse Width 'CLOCK_50'
Slack : -3.000
TNS   : -36.410

Type  : Slow 1200mV 0C Model Minimum Pulse Width 'divisorGenerico:freq|cnt[25]'
Slack : -1.285
TNS   : -39.835

Type  : Slow 1200mV 0C Model Minimum Pulse Width 'SM1:relogio|fstate.state3'
Slack : 0.447
TNS   : 0.000

Type  : Fast 1200mV 0C Model Setup 'divisorGenerico:freq|cnt[25]'
Slack : -1.966
TNS   : -23.668

Type  : Fast 1200mV 0C Model Setup 'SM1:relogio|fstate.state3'
Slack : -1.841
TNS   : -6.703

Type  : Fast 1200mV 0C Model Setup 'CLOCK_50'
Slack : -0.658
TNS   : -5.062

Type  : Fast 1200mV 0C Model Hold 'divisorGenerico:freq|cnt[25]'
Slack : 0.148
TNS   : 0.000

Type  : Fast 1200mV 0C Model Hold 'CLOCK_50'
Slack : 0.188
TNS   : 0.000

Type  : Fast 1200mV 0C Model Hold 'SM1:relogio|fstate.state3'
Slack : 0.248
TNS   : 0.000

Type  : Fast 1200mV 0C Model Recovery 'divisorGenerico:freq|cnt[25]'
Slack : -0.617
TNS   : -2.468

Type  : Fast 1200mV 0C Model Removal 'divisorGenerico:freq|cnt[25]'
Slack : 0.113
TNS   : 0.000

Type  : Fast 1200mV 0C Model Minimum Pulse Width 'CLOCK_50'
Slack : -3.000
TNS   : -30.783

Type  : Fast 1200mV 0C Model Minimum Pulse Width 'divisorGenerico:freq|cnt[25]'
Slack : -1.000
TNS   : -31.000

Type  : Fast 1200mV 0C Model Minimum Pulse Width 'SM1:relogio|fstate.state3'
Slack : 0.432
TNS   : 0.000

------------------------------------------------------------
