------------------------------------------------------------
TimeQuest Timing Analyzer Summary
------------------------------------------------------------

Type  : Slow 1100mV 85C Model Setup 'clk'
Slack : -4.396
TNS   : -74.812

Type  : Slow 1100mV 85C Model Hold 'clk'
Slack : 0.707
TNS   : 0.000

Type  : Slow 1100mV 85C Model Minimum Pulse Width 'clk'
Slack : -0.538
TNS   : -15.710

Type  : Slow 1100mV 0C Model Setup 'clk'
Slack : -4.606
TNS   : -77.036

Type  : Slow 1100mV 0C Model Hold 'clk'
Slack : 0.696
TNS   : 0.000

Type  : Slow 1100mV 0C Model Minimum Pulse Width 'clk'
Slack : -0.538
TNS   : -16.111

Type  : Fast 1100mV 85C Model Setup 'clk'
Slack : -1.484
TNS   : -22.714

Type  : Fast 1100mV 85C Model Hold 'clk'
Slack : 0.308
TNS   : 0.000

Type  : Fast 1100mV 85C Model Minimum Pulse Width 'clk'
Slack : -0.080
TNS   : -1.578

Type  : Fast 1100mV 0C Model Setup 'clk'
Slack : -1.360
TNS   : -19.968

Type  : Fast 1100mV 0C Model Hold 'clk'
Slack : 0.299
TNS   : 0.000

Type  : Fast 1100mV 0C Model Minimum Pulse Width 'clk'
Slack : -0.082
TNS   : -1.590

------------------------------------------------------------
